============================= test session starts =============================
platform win32 -- Python 3.14.2, pytest-9.0.2, pluggy-1.6.0 -- C:\Users\52414\AppData\Local\Programs\Python\Python314\python.exe
cachedir: .pytest_cache
rootdir: C:\Users\52414\Documents\class\Quinto_Cuatrimestre\MathBoost\backend
configfile: pyproject.toml
plugins: anyio-4.12.1, asyncio-1.3.0
asyncio: mode=Mode.AUTO, debug=False, asyncio_default_fixture_loop_scope=None, asyncio_default_test_loop_scope=function
collecting ... collected 4 items

tests/test_admin_students.py::test_admin_list_students PASSED            [ 25%]
tests/test_admin_students.py::test_admin_create_student FAILED           [ 50%]
tests/test_admin_students.py::test_admin_update_student PASSED           [ 75%]
tests/test_admin_students.py::test_admin_delete_student PASSED           [100%]

================================== FAILURES ===================================
__________________________ test_admin_create_student __________________________

client = <httpx.AsyncClient object at 0x0000023139F39F90>

    @pytest.mark.asyncio
    async def test_admin_create_student(client: AsyncClient):
        """
        Especificaci≤n SDD: POST /api/v1/admin/students
        Admin puede crear un alumno nuevo.
        """
        admin_headers = auth_headers("admin_user_1", role="admin")
        payload = {
            "nombre": "Nuevo Alumno Admin",
            "correo": "admin_student@mathboost.com",
            "password": "securepassword123"
        }
    
        resp = await client.post("/api/v1/admin/students", json=payload, headers=admin_headers)
>       assert resp.status_code == 201, f"Expected 201, got {resp.status_code}. Response: {resp.text}"
E       AssertionError: Expected 201, got 400. Response: {"detail":"password cannot be longer than 72 bytes, truncate manually if necessary (e.g. my_password[:72])"}
E       assert 400 == 201
E        +  where 400 = <Response [400 Bad Request]>.status_code

tests\test_admin_students.py:48: AssertionError
---------------------------- Captured stderr call -----------------------------
Traceback (most recent call last):
  File "C:\Users\52414\Documents\class\Quinto_Cuatrimestre\MathBoost\backend\app\api\v1\admin_students.py", line 25, in create_student
    return await admin_students_service.create_student(payload)
           ^^^^^^^^^^^^^^^^^^^^^^^^^^^^^^^^^^^^^^^^^^^^^^^^^^^^
  File "C:\Users\52414\Documents\class\Quinto_Cuatrimestre\MathBoost\backend\app\services\admin_students_service.py", line 29, in create_student
    hashed_password = pwd_context.hash(pwd)
  File "C:\Users\52414\AppData\Local\Programs\Python\Python314\Lib\site-packages\passlib\context.py", line 2258, in hash
    return record.hash(secret, **kwds)
           ~~~~~~~~~~~^^^^^^^^^^^^^^^^
  File "C:\Users\52414\AppData\Local\Programs\Python\Python314\Lib\site-packages\passlib\utils\handlers.py", line 779, in hash
    self.checksum = self._calc_checksum(secret)
                    ~~~~~~~~~~~~~~~~~~~^^^^^^^^
  File "C:\Users\52414\AppData\Local\Programs\Python\Python314\Lib\site-packages\passlib\handlers\bcrypt.py", line 591, in _calc_checksum
    self._stub_requires_backend()
    ~~~~~~~~~~~~~~~~~~~~~~~~~~~^^
  File "C:\Users\52414\AppData\Local\Programs\Python\Python314\Lib\site-packages\passlib\utils\handlers.py", line 2254, in _stub_requires_backend
    cls.set_backend()
    ~~~~~~~~~~~~~~~^^
  File "C:\Users\52414\AppData\Local\Programs\Python\Python314\Lib\site-packages\passlib\utils\handlers.py", line 2156, in set_backend
    return owner.set_backend(name, dryrun=dryrun)
           ~~~~~~~~~~~~~~~~~^^^^^^^^^^^^^^^^^^^^^
  File "C:\Users\52414\AppData\Local\Programs\Python\Python314\Lib\site-packages\passlib\utils\handlers.py", line 2163, in set_backend
    return cls.set_backend(name, dryrun=dryrun)
           ~~~~~~~~~~~~~~~^^^^^^^^^^^^^^^^^^^^^
  File "C:\Users\52414\AppData\Local\Programs\Python\Python314\Lib\site-packages\passlib\utils\handlers.py", line 2188, in set_backend
    cls._set_backend(name, dryrun)
    ~~~~~~~~~~~~~~~~^^^^^^^^^^^^^^
  File "C:\Users\52414\AppData\Local\Programs\Python\Python314\Lib\site-packages\passlib\utils\handlers.py", line 2311, in _set_backend
    super(SubclassBackendMixin, cls)._set_backend(name, dryrun)
    ~~~~~~~~~~~~~~~~~~~~~~~~~~~~~~~~~~~~~~~~~~~~~^^^^^^^^^^^^^^
  File "C:\Users\52414\AppData\Local\Programs\Python\Python314\Lib\site-packages\passlib\utils\handlers.py", line 2224, in _set_backend
    ok = loader(**kwds)
  File "C:\Users\52414\AppData\Local\Programs\Python\Python314\Lib\site-packages\passlib\handlers\bcrypt.py", line 626, in _load_backend_mixin
    return mixin_cls._finalize_backend_mixin(name, dryrun)
           ~~~~~~~~~~~~~~~~~~~~~~~~~~~~~~~~~^^^^^^^^^^^^^^
  File "C:\Users\52414\AppData\Local\Programs\Python\Python314\Lib\site-packages\passlib\handlers\bcrypt.py", line 421, in _finalize_backend_mixin
    if detect_wrap_bug(IDENT_2A):
       ~~~~~~~~~~~~~~~^^^^^^^^^^
  File "C:\Users\52414\AppData\Local\Programs\Python\Python314\Lib\site-packages\passlib\handlers\bcrypt.py", line 380, in detect_wrap_bug
    if verify(secret, bug_hash):
       ~~~~~~^^^^^^^^^^^^^^^^^^
  File "C:\Users\52414\AppData\Local\Programs\Python\Python314\Lib\site-packages\passlib\utils\handlers.py", line 792, in verify
    return consteq(self._calc_checksum(secret), chk)
                   ~~~~~~~~~~~~~~~~~~~^^^^^^^^
  File "C:\Users\52414\AppData\Local\Programs\Python\Python314\Lib\site-packages\passlib\handlers\bcrypt.py", line 655, in _calc_checksum
    hash = _bcrypt.hashpw(secret, config)
ValueError: password cannot be longer than 72 bytes, truncate manually if necessary (e.g. my_password[:72])
------------------------------ Captured log call ------------------------------
WARNING  passlib.handlers.bcrypt:bcrypt.py:622 (trapped) error reading bcrypt version
Traceback (most recent call last):
  File "C:\Users\52414\AppData\Local\Programs\Python\Python314\Lib\site-packages\passlib\handlers\bcrypt.py", line 620, in _load_backend_mixin
    version = _bcrypt.__about__.__version__
              ^^^^^^^^^^^^^^^^^
AttributeError: module 'bcrypt' has no attribute '__about__'
=========================== short test summary info ===========================
FAILED tests/test_admin_students.py::test_admin_create_student - AssertionErr...
========================= 1 failed, 3 passed in 0.34s =========================
